error: The `unpack_error` attribute requires a type for its value.
  --> tests/fail/invalid_unpack_error_type.rs:11:27
   |
11 | #[packable(unpack_error = 1)]
   |                           ^
