error: All variants of an enum that derives `Packable` require a `#[packable(tag = ...)]` attribute or an explicitly set discriminant.
  --> tests/fail/missing_discriminant.rs:13:5
   |
13 |     C,
   |     ^
