error: Enums that derive `Packable` require a `#[packable(ty = ...)]` attribute.
  --> $DIR/no_ty_enum.rs:13:10
   |
13 | pub enum OptI32 {
   |          ^^^^^^
