error[E0308]: mismatched types
  --> $DIR/incorrect_tag_enum.rs:15:22
   |
10 | #[derive(Packable)]
   |          -------- this expression has type `u8`
...
15 |     #[packable(tag = 0u32)]
   |                      ^^^^ expected `u8`, found `u32`
