error: Tags for variants can only be integers without type annotations.
  --> $DIR/invalid_tag_enum.rs:15:15
   |
15 |     #[packable(tag = [0; 32])]
   |               ^^^^^^^^^^^^^^^
